1 COMMENT 1
2 STRING ~
2 COMMENT 1
Error undefined escape sequence u
