1 COMMENT 1
2 STRING this string is closed
Error unclosed string
