1 COMMENT 1
2 STRING this is a legal escape sequence: 	
Error undefined escape sequence >
