1 COMMENT 1
2 STRING this string ends now
2 ID and
2 ID does
2 ID not
2 ID include
2 ID this
Error unclosed string
