1 COMMENT 1
2 STRING this line feed escape sequence is legal: 

Error unclosed string
