1 COMMENT 1
3 COMMENT 1
4 COMMENT 1
11 COMMENT 7
12 COMMENT 1
13 COMMENT 1
