1 COMMENT 1
2 VAR var
2 ID x
2 ASSIGN =
2 DEC_INT 3
3 COMMENT 1
