1 COMMENT 1
2 COMMENT 1
3 COMMENT 1
4 COMMENT 1
5 COMMENT 1
