1 COMMENT 1
3 COMMENT 1
4 COMMENT 1
5 COMMENT 1
8 COMMENT 3
10 COMMENT 1
11 BINOP *
11 BINOP /
