1 COMMENT 1
2 VAR var
2 ID num
2 ASSIGN =
2 DEC_REAL 1.0e+6
2 BINOP +
Error 
