1 COMMENT 1
3 IMPORT import
3 ID UIKit
4 VAR var
4 ID num
4 ASSIGN =
4 DEC_REAL 1.0e+6
5 VAR var
5 ID x
5 COLON :
5 TYPE String
5 ASSIGN =
5 STRING some string here!
6 ID but
6 ID now
6 ID we
6 ID have
6 ID a
6 ID random
6 ID illegal
6 ID char
Error ~
