1 COMMENT 1
2 ID a
3 ID Z
4 ID _compi
5 ID _Z123ab
6 ID _cC1aA
7 ID E1234S
8 ID _one
8 ID _two
8 ID _three
Error _
