1 COMMENT 1
2 VAR var
2 ID num1
2 ASSIGN =
2 BIN_INT 81
2 BINOP +
2 BIN_INT 0
2 BINOP *
2 DEC_INT 0
2 ID b1010
2 BINOP +
2 DEC_INT 0
2 ID b
3 VAR var
3 ID num2
3 ASSIGN =
3 DEC_INT 0
3 ID o700
3 BINOP +
3 DEC_INT 0
3 ID o800
3 BINOP +
3 DEC_INT 0
3 ID o
3 BINOP +
3 OCT_INT 448
4 BIN_INT 5
5 OCT_INT 0
5 DEC_INT 9
6 DEC_INT 0
6 ID B10
7 DEC_INT 0
7 ID O70
