1 COMMENT 1
2 VAR var
2 ID num1
2 ASSIGN =
2 DEC_INT 1
2 BINOP +
2 DEC_INT 10
2 BINOP +
2 DEC_INT 123
2 BINOP *
2 HEX_INT 180100591
2 BINOP +
2 HEX_INT 0
3 VAR var
3 ID num2
3 ASSIGN =
3 HEX_INT 3567
3 BINOP -
3 DEC_INT 100
3 BINOP +
3 HEX_INT 180097052
4 HEX_INT 257
5 DEC_INT 9
6 DEC_INT 0
6 ID xDef
7 DEC_INT 0
7 ID Xabc
