1 COMMENT 1
2 STRING TiMe
3 STRING WaStEd
4 STRING !	"

$
/;\\?>
5 STRING \u{21}	"
